Using pre-set license
Built from '2022.3/release' branch; Version is '2022.3.20f1 (61c2feb0970d) revision 6406910'; Using compiler version '192829333'; Build Type 'Release'
OS: 'Windows 10  (10.0.19045) 64bit Core' Language: 'en' Physical Memory: 16179 MB
BatchMode: 1, IsHumanControllingUs: 0, StartBugReporterOnCrash: 0, Is64bit: 1, IsPro: 1

COMMAND LINE ARGUMENTS:
C:\Program Files\Unity\Hub\Editor\2022.3.20f1\Editor\Unity.exe
-adb2
-batchMode
-noUpm
-name
AssetImportWorker0
-projectPath
C:/Users/Pakin/herrorGame/HerrorGame
-logFile
Logs/AssetImportWorker0.log
-srvPort
61683
Successfully changed project path to: C:/Users/Pakin/herrorGame/HerrorGame
C:/Users/Pakin/herrorGame/HerrorGame
[UnityMemory] Configuration Parameters - Can be set up in boot.config
    "memorysetup-bucket-allocator-granularity=16"
    "memorysetup-bucket-allocator-bucket-count=8"
    "memorysetup-bucket-allocator-block-size=33554432"
    "memorysetup-bucket-allocator-block-count=8"
    "memorysetup-main-allocator-block-size=16777216"
    "memorysetup-thread-allocator-block-size=16777216"
    "memorysetup-gfx-main-allocator-block-size=16777216"
    "memorysetup-gfx-thread-allocator-block-size=16777216"
    "memorysetup-cache-allocator-block-size=4194304"
    "memorysetup-typetree-allocator-block-size=2097152"
    "memorysetup-profiler-bucket-allocator-granularity=16"
    "memorysetup-profiler-bucket-allocator-bucket-count=8"
    "memorysetup-profiler-bucket-allocator-block-size=33554432"
    "memorysetup-profiler-bucket-allocator-block-count=8"
    "memorysetup-profiler-allocator-block-size=16777216"
    "memorysetup-profiler-editor-allocator-block-size=1048576"
    "memorysetup-temp-allocator-size-main=16777216"
    "memorysetup-job-temp-allocator-block-size=2097152"
    "memorysetup-job-temp-allocator-block-size-background=1048576"
    "memorysetup-job-temp-allocator-reduction-small-platforms=262144"
    "memorysetup-allocator-temp-initial-block-size-main=262144"
    "memorysetup-allocator-temp-initial-block-size-worker=262144"
    "memorysetup-temp-allocator-size-background-worker=32768"
    "memorysetup-temp-allocator-size-job-worker=262144"
    "memorysetup-temp-allocator-size-preload-manager=33554432"
    "memorysetup-temp-allocator-size-nav-mesh-worker=65536"
    "memorysetup-temp-allocator-size-audio-worker=65536"
    "memorysetup-temp-allocator-size-cloud-worker=32768"
    "memorysetup-temp-allocator-size-gi-baking-worker=262144"
    "memorysetup-temp-allocator-size-gfx=262144"
Player connection [17028] Host "[IP] 192.168.1.105 [Port] 0 [Flags] 2 [Guid] 1790206327 [EditorId] 1790206327 [Version] 1048832 [Id] WindowsEditor(7,DESKTOP-2A8INHI) [Debug] 1 [PackageName] WindowsEditor [ProjectName] Editor" joined multi-casting on [225.0.0.222:54997]...

Player connection [17028] Host "[IP] 192.168.1.105 [Port] 0 [Flags] 2 [Guid] 1790206327 [EditorId] 1790206327 [Version] 1048832 [Id] WindowsEditor(7,DESKTOP-2A8INHI) [Debug] 1 [PackageName] WindowsEditor [ProjectName] Editor" joined alternative multi-casting on [225.0.0.222:34997]...

[Physics::Module] Initialized MultithreadedJobDispatcher with 11 workers.
Refreshing native plugins compatible for Editor in 9.38 ms, found 3 plugins.
Preloading 0 native plugins for Editor in 0.00 ms.
Initialize engine version: 2022.3.20f1 (61c2feb0970d)
[Subsystems] Discovering subsystems at path C:/Program Files/Unity/Hub/Editor/2022.3.20f1/Editor/Data/Resources/UnitySubsystems
[Subsystems] Discovering subsystems at path C:/Users/Pakin/herrorGame/HerrorGame/Assets
GfxDevice: creating device client; threaded=0; jobified=0
Direct3D:
    Version:  Direct3D 11.0 [level 11.1]
    Renderer: NVIDIA GeForce RTX 4060 (ID=0x2808)
    Vendor:   NVIDIA
    VRAM:     7957 MB
    Driver:   32.0.15.6094
Initialize mono
Mono path[0] = 'C:/Program Files/Unity/Hub/Editor/2022.3.20f1/Editor/Data/Managed'
Mono path[1] = 'C:/Program Files/Unity/Hub/Editor/2022.3.20f1/Editor/Data/MonoBleedingEdge/lib/mono/unityjit-win32'
Mono config path = 'C:/Program Files/Unity/Hub/Editor/2022.3.20f1/Editor/Data/MonoBleedingEdge/etc'
Using monoOptions --debugger-agent=transport=dt_socket,embedding=1,server=y,suspend=n,address=127.0.0.1:56936
Begin MonoManager ReloadAssembly
Registering precompiled unity dll's ...
Register platform support module: C:/Program Files/Unity/Hub/Editor/2022.3.20f1/Editor/Data/PlaybackEngines/AndroidPlayer/UnityEditor.Android.Extensions.dll
Register platform support module: C:/Program Files/Unity/Hub/Editor/2022.3.20f1/Editor/Data/PlaybackEngines/iOSSupport/UnityEditor.iOS.Extensions.dll
Register platform support module: C:/Program Files/Unity/Hub/Editor/2022.3.20f1/Editor/Data/PlaybackEngines/WindowsStandaloneSupport/UnityEditor.WindowsStandalone.Extensions.dll
Register platform support module: C:/Program Files/Unity/Hub/Editor/2022.3.20f1/Editor/Data/PlaybackEngines/MetroSupport/UnityEditor.UWP.Extensions.dll
Registered in 0.015949 seconds.
- Loaded All Assemblies, in  0.360 seconds
Native extension for UWP target not found
Native extension for WindowsStandalone target not found
[usbmuxd] Start listen thread
[usbmuxd] Listen thread started
Native extension for iOS target not found
Native extension for Android target not found
Android Extension - Scanning For ADB Devices 268 ms
Mono: successfully reloaded assembly
- Finished resetting the current domain, in  0.602 seconds
Domain Reload Profiling: 959ms
	BeginReloadAssembly (108ms)
		ExecutionOrderSort (0ms)
		DisableScriptedObjects (0ms)
		BackupInstance (0ms)
		ReleaseScriptingObjects (0ms)
		CreateAndSetChildDomain (1ms)
	RebuildCommonClasses (31ms)
	RebuildNativeTypeToScriptingClass (8ms)
	initialDomainReloadingComplete (68ms)
	LoadAllAssembliesAndSetupDomain (141ms)
		LoadAssemblies (106ms)
		RebuildTransferFunctionScriptingTraits (0ms)
		AnalyzeDomain (138ms)
			TypeCache.Refresh (137ms)
				TypeCache.ScanAssembly (125ms)
			ScanForSourceGeneratedMonoScriptInfo (0ms)
			ResolveRequiredComponents (0ms)
	FinalizeReload (602ms)
		ReleaseScriptCaches (0ms)
		RebuildScriptCaches (0ms)
		SetupLoadedEditorAssemblies (546ms)
			LogAssemblyErrors (0ms)
			InitializePlatformSupportModulesInManaged (384ms)
			SetLoadedEditorAssemblies (4ms)
			RefreshPlugins (0ms)
			BeforeProcessingInitializeOnLoad (2ms)
			ProcessInitializeOnLoadAttributes (109ms)
			ProcessInitializeOnLoadMethodAttributes (47ms)
			AfterProcessingInitializeOnLoad (0ms)
			EditorAssembliesLoaded (0ms)
		ExecutionOrderSort2 (0ms)
		AwakeInstancesAfterBackupRestoration (0ms)
========================================================================
Worker process is ready to serve import requests
Begin MonoManager ReloadAssembly
- Loaded All Assemblies, in  0.620 seconds
Refreshing native plugins compatible for Editor in 4.33 ms, found 3 plugins.
Native extension for UWP target not found
Native extension for WindowsStandalone target not found
Native extension for iOS target not found
Native extension for Android target not found
Mono: successfully reloaded assembly
- Finished resetting the current domain, in  0.615 seconds
Domain Reload Profiling: 1231ms
	BeginReloadAssembly (149ms)
		ExecutionOrderSort (0ms)
		DisableScriptedObjects (6ms)
		BackupInstance (0ms)
		ReleaseScriptingObjects (0ms)
		CreateAndSetChildDomain (24ms)
	RebuildCommonClasses (31ms)
	RebuildNativeTypeToScriptingClass (9ms)
	initialDomainReloadingComplete (44ms)
	LoadAllAssembliesAndSetupDomain (383ms)
		LoadAssemblies (302ms)
		RebuildTransferFunctionScriptingTraits (0ms)
		AnalyzeDomain (164ms)
			TypeCache.Refresh (147ms)
				TypeCache.ScanAssembly (133ms)
			ScanForSourceGeneratedMonoScriptInfo (12ms)
			ResolveRequiredComponents (3ms)
	FinalizeReload (615ms)
		ReleaseScriptCaches (0ms)
		RebuildScriptCaches (0ms)
		SetupLoadedEditorAssemblies (473ms)
			LogAssemblyErrors (0ms)
			InitializePlatformSupportModulesInManaged (38ms)
			SetLoadedEditorAssemblies (5ms)
			RefreshPlugins (0ms)
			BeforeProcessingInitializeOnLoad (61ms)
			ProcessInitializeOnLoadAttributes (336ms)
			ProcessInitializeOnLoadMethodAttributes (22ms)
			AfterProcessingInitializeOnLoad (12ms)
			EditorAssembliesLoaded (0ms)
		ExecutionOrderSort2 (0ms)
		AwakeInstancesAfterBackupRestoration (6ms)
Launched and connected shader compiler UnityShaderCompiler.exe after 0.04 seconds
Refreshing native plugins compatible for Editor in 6.45 ms, found 3 plugins.
Preloading 0 native plugins for Editor in 0.00 ms.
Unloading 3204 Unused Serialized files (Serialized files now loaded: 0)
Unloading 31 unused Assets / (122.8 KB). Loaded Objects now: 3667.
Memory consumption went from 150.5 MB to 150.3 MB.
Total: 5.750100 ms (FindLiveObjects: 0.458900 ms CreateObjectMapping: 0.247500 ms MarkObjects: 4.738300 ms  DeleteObjects: 0.304100 ms)

AssetImportParameters requested are different than current active one (requested -> active):
  custom:container-demuxer-ogg: 62fdf1f143b41e24485cea50d1cbac27 -> 
  custom:video-decoder-ogg-theora: a1e56fd34408186e4bbccfd4996cb3dc -> 
  custom:framework-win-MediaFoundation: 216162199b28c13a410421893ffa2e32 -> 
  custom:CustomObjectIndexerAttribute: 6d391050e5a25f67b0a2c618074f2cd9 -> 
  custom:container-demuxer-webm: 4f35f7cbe854078d1ac9338744f61a02 -> 
  custom:container-muxer-webm: aa71ff27fc2769a1b78a27578f13a17b -> 
  custom:video-decoder-webm-vp8: 9c59270c3fd7afecdb556c50c9e8de78 -> 
  custom:SearchIndexIgnoredProperties: e643bd26f0fe6173181afceb89e7c659 -> 
  custom:AudioImporter_EditorPlatform: d09bf68614088b80899f8185d706f6e7 -> 
  custom:video-encoder-webm-vp8: eb34c28f22e8b96e1ab97ce403110664 -> 
  custom:audio-decoder-ogg-vorbis: bf7c407c2cedff20999df2af8eb42d56 -> 
  custom:audio-encoder-webm-vorbis: bf7c407c2cedff20999df2af8eb42d56 -> 
========================================================================
Received Import Request.
  Time since last request: 177020.477844 seconds.
  path: Assets/Prefabs
  artifactKey: Guid(f70b0fe4a6538fc4c8e6df94040a95e8) Importer(815301076,1909f56bfc062723c751e8b465ee728b)
Start importing Assets/Prefabs using Guid(f70b0fe4a6538fc4c8e6df94040a95e8) Importer(815301076,1909f56bfc062723c751e8b465ee728b)  -> (artifact id: '1a35081c92e693b54ef31bf3c512b647') in 0.002890 seconds
Number of updated asset objects reloaded before import = 0
Number of asset objects unloaded after import = 0
========================================================================
Received Import Request.
  Time since last request: 0.000029 seconds.
  path: Assets/Resources
  artifactKey: Guid(6590998e1d474af4398d07c301fc7c0e) Importer(815301076,1909f56bfc062723c751e8b465ee728b)
Start importing Assets/Resources using Guid(6590998e1d474af4398d07c301fc7c0e) Importer(815301076,1909f56bfc062723c751e8b465ee728b)  -> (artifact id: '66708a33b29cf3db466de7aa3d24d531') in 0.000749 seconds
Number of updated asset objects reloaded before import = 0
Number of asset objects unloaded after import = 0
========================================================================
Received Import Request.
  Time since last request: 12.650177 seconds.
  path: Assets/Effects
  artifactKey: Guid(3fd9e5f800135bd42b98a9e9e3c44ca3) Importer(815301076,1909f56bfc062723c751e8b465ee728b)
Start importing Assets/Effects using Guid(3fd9e5f800135bd42b98a9e9e3c44ca3) Importer(815301076,1909f56bfc062723c751e8b465ee728b)  -> (artifact id: '1e48abe09a9b9e4a8fb0bbfe8adcb56a') in 0.000545 seconds
Number of updated asset objects reloaded before import = 0
Number of asset objects unloaded after import = 0
========================================================================
Received Import Request.
  Time since last request: 1.292638 seconds.
  path: Assets/Effects/LightCookies
  artifactKey: Guid(809aed22dcdf6614fabc18be994d465b) Importer(815301076,1909f56bfc062723c751e8b465ee728b)
Start importing Assets/Effects/LightCookies using Guid(809aed22dcdf6614fabc18be994d465b) Importer(815301076,1909f56bfc062723c751e8b465ee728b)  -> (artifact id: 'fa1d79f5757ae9ea1e237349fc18600c') in 0.000458 seconds
Number of updated asset objects reloaded before import = 0
Number of asset objects unloaded after import = 0
========================================================================
Received Import Request.
  Time since last request: 1.989135 seconds.
  path: Assets/Effects/ImageEffects
  artifactKey: Guid(6cdbd81d553627d4b807ed50eb29d897) Importer(815301076,1909f56bfc062723c751e8b465ee728b)
Start importing Assets/Effects/ImageEffects using Guid(6cdbd81d553627d4b807ed50eb29d897) Importer(815301076,1909f56bfc062723c751e8b465ee728b)  -> (artifact id: 'e3b53b800193c961e744251e49969da5') in 0.000597 seconds
Number of updated asset objects reloaded before import = 0
Number of asset objects unloaded after import = 0
========================================================================
Received Import Request.
  Time since last request: 0.911385 seconds.
  path: Assets/Effects/ImageEffects/Scripts
  artifactKey: Guid(4785a443640518746838f044e0aec3c4) Importer(815301076,1909f56bfc062723c751e8b465ee728b)
Start importing Assets/Effects/ImageEffects/Scripts using Guid(4785a443640518746838f044e0aec3c4) Importer(815301076,1909f56bfc062723c751e8b465ee728b)  -> (artifact id: '12d89b1a58997b92bb79aebd402943a3') in 0.000392 seconds
Number of updated asset objects reloaded before import = 0
Number of asset objects unloaded after import = 0
========================================================================
Received Import Request.
  Time since last request: 3.901147 seconds.
  path: Assets/Prefabs/Batterys On Map.prefab
  artifactKey: Guid(1de2593fbf7141248b1127dba56ad0b9) Importer(815301076,1909f56bfc062723c751e8b465ee728b)
Start importing Assets/Prefabs/Batterys On Map.prefab using Guid(1de2593fbf7141248b1127dba56ad0b9) Importer(815301076,1909f56bfc062723c751e8b465ee728b)  -> (artifact id: '1327d3202dfea528bdb368907e0ccdca') in 0.273148 seconds
Number of updated asset objects reloaded before import = 0
Number of asset objects unloaded after import = 65
========================================================================
Received Import Request.
  Time since last request: 0.000020 seconds.
  path: Assets/Prefabs/Pages On Map.prefab
  artifactKey: Guid(6eba47b27277ac94b80fd1cb60e56b98) Importer(815301076,1909f56bfc062723c751e8b465ee728b)
Start importing Assets/Prefabs/Pages On Map.prefab using Guid(6eba47b27277ac94b80fd1cb60e56b98) Importer(815301076,1909f56bfc062723c751e8b465ee728b)  -> (artifact id: 'be5c5699d4c0b205ffc6c55473e6fbff') in 0.056817 seconds
Number of updated asset objects reloaded before import = 0
Number of asset objects unloaded after import = 52
========================================================================
Received Import Request.
  Time since last request: 0.000023 seconds.
  path: Assets/Prefabs/Canvas.prefab
  artifactKey: Guid(7dfc5ee840575374baa95ec99240091d) Importer(815301076,1909f56bfc062723c751e8b465ee728b)
Start importing Assets/Prefabs/Canvas.prefab using Guid(7dfc5ee840575374baa95ec99240091d) Importer(815301076,1909f56bfc062723c751e8b465ee728b)  -> (artifact id: 'fee5bd95add8200d82c2459a1875fdd2') in 0.012877 seconds
Number of updated asset objects reloaded before import = 0
Number of asset objects unloaded after import = 141
========================================================================
Received Import Request.
  Time since last request: 0.000013 seconds.
  path: Assets/Prefabs/Map Limit.prefab
  artifactKey: Guid(66c71eca196a7ee439bc5fbd1931879f) Importer(815301076,1909f56bfc062723c751e8b465ee728b)
Start importing Assets/Prefabs/Map Limit.prefab using Guid(66c71eca196a7ee439bc5fbd1931879f) Importer(815301076,1909f56bfc062723c751e8b465ee728b)  -> (artifact id: '54e1452b2fa56ab13bcc91f32cf70ec4') in 0.014859 seconds
Number of updated asset objects reloaded before import = 0
Number of asset objects unloaded after import = 24
========================================================================
Received Import Request.
  Time since last request: 0.000016 seconds.
  path: Assets/Prefabs/Player.prefab
  artifactKey: Guid(d244e81dfa06f8c418f07adb45c55fe1) Importer(815301076,1909f56bfc062723c751e8b465ee728b)
Start importing Assets/Prefabs/Player.prefab using Guid(d244e81dfa06f8c418f07adb45c55fe1) Importer(815301076,1909f56bfc062723c751e8b465ee728b)  -> (artifact id: 'b0234419de37fde284c4d88db8c34785') in 0.067515 seconds
Number of updated asset objects reloaded before import = 0
Number of asset objects unloaded after import = 154
========================================================================
Received Import Request.
  Time since last request: 0.000022 seconds.
  path: Assets/Prefabs/Trees.prefab
  artifactKey: Guid(88616a2d3d1878d448086e850255da27) Importer(815301076,1909f56bfc062723c751e8b465ee728b)
Start importing Assets/Prefabs/Trees.prefab using Guid(88616a2d3d1878d448086e850255da27) Importer(815301076,1909f56bfc062723c751e8b465ee728b)  -> (artifact id: '07581345710c52bdd22289baaa6e65fb') in 0.491824 seconds
Number of updated asset objects reloaded before import = 0
Number of asset objects unloaded after import = 1691
========================================================================
Received Import Request.
  Time since last request: 0.000019 seconds.
  path: Assets/Prefabs/Terrains.prefab
  artifactKey: Guid(1935003e01035dd4ea1e80e4c7d1e286) Importer(815301076,1909f56bfc062723c751e8b465ee728b)
Start importing Assets/Prefabs/Terrains.prefab using Guid(1935003e01035dd4ea1e80e4c7d1e286) Importer(815301076,1909f56bfc062723c751e8b465ee728b)  -> (artifact id: 'af7659a8d8eafe2794c816021c92073e') in 0.002027 seconds
Number of updated asset objects reloaded before import = 0
Number of asset objects unloaded after import = 12
========================================================================
Received Import Request.
  Time since last request: 0.000024 seconds.
  path: Assets/Prefabs/Ghost On Map.prefab
  artifactKey: Guid(1cf0c76ca69fe3e46b46b03a6f1daf8a) Importer(815301076,1909f56bfc062723c751e8b465ee728b)
Start importing Assets/Prefabs/Ghost On Map.prefab using Guid(1cf0c76ca69fe3e46b46b03a6f1daf8a) Importer(815301076,1909f56bfc062723c751e8b465ee728b)  -> (artifact id: '2efb7a2cc42f526ad0979043b3bb65c6') in 0.065287 seconds
Number of updated asset objects reloaded before import = 0
Number of asset objects unloaded after import = 223
========================================================================
Received Import Request.
  Time since last request: 14.793977 seconds.
  path: Assets/Resources/UI/Game Interface/medical.png
  artifactKey: Guid(e32f2900dce80ab4bba7ca6d3b8ab301) Importer(815301076,1909f56bfc062723c751e8b465ee728b)
Start importing Assets/Resources/UI/Game Interface/medical.png using Guid(e32f2900dce80ab4bba7ca6d3b8ab301) Importer(815301076,1909f56bfc062723c751e8b465ee728b)  -> (artifact id: 'e5d2c216a451aae27ceca3d47aa28ac3') in 0.037081 seconds
Number of updated asset objects reloaded before import = 0
Number of asset objects unloaded after import = 3
========================================================================
Received Import Request.
  Time since last request: 14.801148 seconds.
  path: Assets/Resources/UI/Slender Pages/Page_Can't_Run.png
  artifactKey: Guid(0f42b331877c8624ea719b1bc11f10c0) Importer(815301076,1909f56bfc062723c751e8b465ee728b)
Start importing Assets/Resources/UI/Slender Pages/Page_Can't_Run.png using Guid(0f42b331877c8624ea719b1bc11f10c0) Importer(815301076,1909f56bfc062723c751e8b465ee728b)  -> (artifact id: '095211182506a9f32d07364959a002a0') in 0.049022 seconds
Number of updated asset objects reloaded before import = 0
Number of asset objects unloaded after import = 3
========================================================================
Received Import Request.
  Time since last request: 0.000012 seconds.
  path: Assets/Resources/UI/Slender Pages/Page_Follows.png
  artifactKey: Guid(594685793db53dd48bb0247758eb5355) Importer(815301076,1909f56bfc062723c751e8b465ee728b)
Start importing Assets/Resources/UI/Slender Pages/Page_Follows.png using Guid(594685793db53dd48bb0247758eb5355) Importer(815301076,1909f56bfc062723c751e8b465ee728b)  -> (artifact id: '149b3882f673f16fb7b4955da82dfa8e') in 0.024814 seconds
Number of updated asset objects reloaded before import = 0
Number of asset objects unloaded after import = 3
========================================================================
Received Import Request.
  Time since last request: 0.000022 seconds.
  path: Assets/Resources/UI/Slender Pages/Page_Forest.png
  artifactKey: Guid(5212e8b646f63dd4699ed5e692d30f53) Importer(815301076,1909f56bfc062723c751e8b465ee728b)
Start importing Assets/Resources/UI/Slender Pages/Page_Forest.png using Guid(5212e8b646f63dd4699ed5e692d30f53) Importer(815301076,1909f56bfc062723c751e8b465ee728b)  -> (artifact id: 'c04c8e8b761536ce8cc7cac2a0145382') in 0.023629 seconds
Number of updated asset objects reloaded before import = 0
Number of asset objects unloaded after import = 3
========================================================================
Received Import Request.
  Time since last request: 69.939829 seconds.
  path: Assets/Resources/Free Kits/Free Night Sky/Textures/nightsky1_down.png
  artifactKey: Guid(6b7c3e2dbc9de77409a75e02838ac08c) Importer(815301076,1909f56bfc062723c751e8b465ee728b)
Start importing Assets/Resources/Free Kits/Free Night Sky/Textures/nightsky1_down.png using Guid(6b7c3e2dbc9de77409a75e02838ac08c) Importer(815301076,1909f56bfc062723c751e8b465ee728b)  -> (artifact id: '3b1db7ab30af3c911129da64561d92e3') in 0.022452 seconds
Number of updated asset objects reloaded before import = 0
Number of asset objects unloaded after import = 2
========================================================================
Received Import Request.
  Time since last request: 0.000015 seconds.
  path: Assets/Resources/Free Kits/Free Night Sky/Textures/nightsky1_front.png
  artifactKey: Guid(829da10e5b79a98458ca4d55f5288602) Importer(815301076,1909f56bfc062723c751e8b465ee728b)
Start importing Assets/Resources/Free Kits/Free Night Sky/Textures/nightsky1_front.png using Guid(829da10e5b79a98458ca4d55f5288602) Importer(815301076,1909f56bfc062723c751e8b465ee728b)  -> (artifact id: 'fce5d368601eeb7bd695234f9bb0e678') in 0.024229 seconds
Number of updated asset objects reloaded before import = 0
Number of asset objects unloaded after import = 2
========================================================================
Received Import Request.
  Time since last request: 0.000019 seconds.
  path: Assets/Resources/Free Kits/Free Night Sky/Textures/nightsky1_left.png
  artifactKey: Guid(3a9af5d0bfef716468800c6f0396a0c3) Importer(815301076,1909f56bfc062723c751e8b465ee728b)
Start importing Assets/Resources/Free Kits/Free Night Sky/Textures/nightsky1_left.png using Guid(3a9af5d0bfef716468800c6f0396a0c3) Importer(815301076,1909f56bfc062723c751e8b465ee728b)  -> (artifact id: '98163ab1d7c1dc2f6f5894830e73d72a') in 0.026308 seconds
Number of updated asset objects reloaded before import = 0
Number of asset objects unloaded after import = 2
========================================================================
Received Import Request.
  Time since last request: 4.748007 seconds.
  path: Assets/_TerrainAutoUpgrade/layer_ground038f9406e577a89d2d.terrainlayer
  artifactKey: Guid(87af9c6229d04774f9fc25efc3d1e06f) Importer(815301076,1909f56bfc062723c751e8b465ee728b)
Start importing Assets/_TerrainAutoUpgrade/layer_ground038f9406e577a89d2d.terrainlayer using Guid(87af9c6229d04774f9fc25efc3d1e06f) Importer(815301076,1909f56bfc062723c751e8b465ee728b)  -> (artifact id: 'f5759b27652a37eeb37beea29fe6d345') in 0.020095 seconds
Number of updated asset objects reloaded before import = 0
Number of asset objects unloaded after import = 2
========================================================================
Received Import Request.
  Time since last request: 0.000017 seconds.
  path: Assets/_TerrainAutoUpgrade/layer_ground012023054508611406.terrainlayer
  artifactKey: Guid(a95189ce8bf809242a46930a896880dc) Importer(815301076,1909f56bfc062723c751e8b465ee728b)
Start importing Assets/_TerrainAutoUpgrade/layer_ground012023054508611406.terrainlayer using Guid(a95189ce8bf809242a46930a896880dc) Importer(815301076,1909f56bfc062723c751e8b465ee728b)  -> (artifact id: '0eb464d736c143b9cfad95900eb38aa9') in 0.019363 seconds
Number of updated asset objects reloaded before import = 0
Number of asset objects unloaded after import = 2
========================================================================
Received Import Request.
  Time since last request: 43.744678 seconds.
  path: Assets/Resources/Free Kits/Slender Model/Slender Rigged/Slender Prefab.prefab
  artifactKey: Guid(0c701c0ca5b12e648a1c0d45577c3166) Importer(815301076,1909f56bfc062723c751e8b465ee728b)
Start importing Assets/Resources/Free Kits/Slender Model/Slender Rigged/Slender Prefab.prefab using Guid(0c701c0ca5b12e648a1c0d45577c3166) Importer(815301076,1909f56bfc062723c751e8b465ee728b)  -> (artifact id: 'd0d9fa23c0f2df689d906a588852847c') in 0.054086 seconds
Number of updated asset objects reloaded before import = 0
Number of asset objects unloaded after import = 88
========================================================================
Received Prepare
Begin MonoManager ReloadAssembly
- Loaded All Assemblies, in  0.437 seconds
Refreshing native plugins compatible for Editor in 3.76 ms, found 3 plugins.
Native extension for UWP target not found
Native extension for WindowsStandalone target not found
Native extension for iOS target not found
Native extension for Android target not found
Mono: successfully reloaded assembly
- Finished resetting the current domain, in  0.941 seconds
Domain Reload Profiling: 1374ms
	BeginReloadAssembly (154ms)
		ExecutionOrderSort (0ms)
		DisableScriptedObjects (4ms)
		BackupInstance (0ms)
		ReleaseScriptingObjects (0ms)
		CreateAndSetChildDomain (34ms)
	RebuildCommonClasses (29ms)
	RebuildNativeTypeToScriptingClass (9ms)
	initialDomainReloadingComplete (30ms)
	LoadAllAssembliesAndSetupDomain (212ms)
		LoadAssemblies (281ms)
		RebuildTransferFunctionScriptingTraits (0ms)
		AnalyzeDomain (18ms)
			TypeCache.Refresh (7ms)
				TypeCache.ScanAssembly (0ms)
			ScanForSourceGeneratedMonoScriptInfo (6ms)
			ResolveRequiredComponents (4ms)
	FinalizeReload (941ms)
		ReleaseScriptCaches (0ms)
		RebuildScriptCaches (0ms)
		SetupLoadedEditorAssemblies (409ms)
			LogAssemblyErrors (0ms)
			InitializePlatformSupportModulesInManaged (34ms)
			SetLoadedEditorAssemblies (4ms)
			RefreshPlugins (0ms)
			BeforeProcessingInitializeOnLoad (59ms)
			ProcessInitializeOnLoadAttributes (284ms)
			ProcessInitializeOnLoadMethodAttributes (17ms)
			AfterProcessingInitializeOnLoad (11ms)
			EditorAssembliesLoaded (0ms)
		ExecutionOrderSort2 (0ms)
		AwakeInstancesAfterBackupRestoration (5ms)
Refreshing native plugins compatible for Editor in 4.26 ms, found 3 plugins.
Preloading 0 native plugins for Editor in 0.00 ms.
Unloading 3133 Unused Serialized files (Serialized files now loaded: 0)
Unloading 26 unused Assets / (97.7 KB). Loaded Objects now: 3694.
Memory consumption went from 138.7 MB to 138.6 MB.
Total: 2.796200 ms (FindLiveObjects: 0.203500 ms CreateObjectMapping: 0.077200 ms MarkObjects: 2.413900 ms  DeleteObjects: 0.100900 ms)

Prepare: number of updated asset objects reloaded= 0
AssetImportParameters requested are different than current active one (requested -> active):
  custom:container-demuxer-ogg: 62fdf1f143b41e24485cea50d1cbac27 -> 
  custom:video-decoder-ogg-theora: a1e56fd34408186e4bbccfd4996cb3dc -> 
  custom:framework-win-MediaFoundation: 216162199b28c13a410421893ffa2e32 -> 
  custom:CustomObjectIndexerAttribute: 6d391050e5a25f67b0a2c618074f2cd9 -> 
  custom:container-demuxer-webm: 4f35f7cbe854078d1ac9338744f61a02 -> 
  custom:container-muxer-webm: aa71ff27fc2769a1b78a27578f13a17b -> 
  custom:video-decoder-webm-vp8: 9c59270c3fd7afecdb556c50c9e8de78 -> 
  custom:SearchIndexIgnoredProperties: e643bd26f0fe6173181afceb89e7c659 -> 
  custom:AudioImporter_EditorPlatform: d09bf68614088b80899f8185d706f6e7 -> 
  custom:video-encoder-webm-vp8: eb34c28f22e8b96e1ab97ce403110664 -> 
  custom:audio-decoder-ogg-vorbis: bf7c407c2cedff20999df2af8eb42d56 -> 
  custom:audio-encoder-webm-vorbis: bf7c407c2cedff20999df2af8eb42d56 -> 
